============================= test session starts =============================
platform win32 -- Python 3.12.10, pytest-9.0.2, pluggy-1.6.0
PySide6 6.10.1 -- Qt runtime 6.10.1 -- Qt compiled 6.10.1
rootdir: C:\Users\umyea\repos\textedit-u1358739
configfile: pytest.ini
plugins: cov-7.0.0, qt-4.5.0, timeout-2.4.0
timeout: 20.0s
timeout method: thread
timeout func_only: False
collected 28 items

test_editor.py ..+++++++++++++++++++++++++++++++++++ Timeout +++++++++++++++++++++++++++++++++++
~~~~~~~~~~~~~~~~~~~~~~~~~ Stack of MainThread (16812) ~~~~~~~~~~~~~~~~~~~~~~~~~
  File "<frozen runpy>", line 198, in _run_module_as_main
  File "<frozen runpy>", line 88, in _run_code
  File "C:\Users\umyea\AppData\Local\Programs\Python\Python312\Lib\site-packages\pytest\__main__.py", line 9, in <module>
    raise SystemExit(pytest.console_main())
  File "C:\Users\umyea\AppData\Local\Programs\Python\Python312\Lib\site-packages\_pytest\config\__init__.py", line 223, in console_main
    code = main()
  File "C:\Users\umyea\AppData\Local\Programs\Python\Python312\Lib\site-packages\_pytest\config\__init__.py", line 199, in main
    ret: ExitCode | int = config.hook.pytest_cmdline_main(config=config)
  File "C:\Users\umyea\AppData\Local\Programs\Python\Python312\Lib\site-packages\pluggy\_hooks.py", line 512, in __call__
    return self._hookexec(self.name, self._hookimpls.copy(), kwargs, firstresult)
  File "C:\Users\umyea\AppData\Local\Programs\Python\Python312\Lib\site-packages\pluggy\_manager.py", line 120, in _hookexec
    return self._inner_hookexec(hook_name, methods, kwargs, firstresult)
  File "C:\Users\umyea\AppData\Local\Programs\Python\Python312\Lib\site-packages\pluggy\_callers.py", line 121, in _multicall
    res = hook_impl.function(*args)
  File "C:\Users\umyea\AppData\Local\Programs\Python\Python312\Lib\site-packages\_pytest\main.py", line 365, in pytest_cmdline_main
    return wrap_session(config, _main)
  File "C:\Users\umyea\AppData\Local\Programs\Python\Python312\Lib\site-packages\_pytest\main.py", line 318, in wrap_session
    session.exitstatus = doit(config, session) or 0
  File "C:\Users\umyea\AppData\Local\Programs\Python\Python312\Lib\site-packages\_pytest\main.py", line 372, in _main
    config.hook.pytest_runtestloop(session=session)
  File "C:\Users\umyea\AppData\Local\Programs\Python\Python312\Lib\site-packages\pluggy\_hooks.py", line 512, in __call__
    return self._hookexec(self.name, self._hookimpls.copy(), kwargs, firstresult)
  File "C:\Users\umyea\AppData\Local\Programs\Python\Python312\Lib\site-packages\pluggy\_manager.py", line 120, in _hookexec
    return self._inner_hookexec(hook_name, methods, kwargs, firstresult)
  File "C:\Users\umyea\AppData\Local\Programs\Python\Python312\Lib\site-packages\pluggy\_callers.py", line 121, in _multicall
    res = hook_impl.function(*args)
  File "C:\Users\umyea\AppData\Local\Programs\Python\Python312\Lib\site-packages\_pytest\main.py", line 396, in pytest_runtestloop
    item.config.hook.pytest_runtest_protocol(item=item, nextitem=nextitem)
  File "C:\Users\umyea\AppData\Local\Programs\Python\Python312\Lib\site-packages\pluggy\_hooks.py", line 512, in __call__
    return self._hookexec(self.name, self._hookimpls.copy(), kwargs, firstresult)
  File "C:\Users\umyea\AppData\Local\Programs\Python\Python312\Lib\site-packages\pluggy\_manager.py", line 120, in _hookexec
    return self._inner_hookexec(hook_name, methods, kwargs, firstresult)
  File "C:\Users\umyea\AppData\Local\Programs\Python\Python312\Lib\site-packages\pluggy\_callers.py", line 121, in _multicall
    res = hook_impl.function(*args)
  File "C:\Users\umyea\AppData\Local\Programs\Python\Python312\Lib\site-packages\_pytest\runner.py", line 118, in pytest_runtest_protocol
    runtestprotocol(item, nextitem=nextitem)
  File "C:\Users\umyea\AppData\Local\Programs\Python\Python312\Lib\site-packages\_pytest\runner.py", line 137, in runtestprotocol
    reports.append(call_and_report(item, "call", log))
  File "C:\Users\umyea\AppData\Local\Programs\Python\Python312\Lib\site-packages\_pytest\runner.py", line 244, in call_and_report
    call = CallInfo.from_call(
  File "C:\Users\umyea\AppData\Local\Programs\Python\Python312\Lib\site-packages\_pytest\runner.py", line 353, in from_call
    result: TResult | None = func()
  File "C:\Users\umyea\AppData\Local\Programs\Python\Python312\Lib\site-packages\_pytest\runner.py", line 245, in <lambda>
    lambda: runtest_hook(item=item, **kwds),
  File "C:\Users\umyea\AppData\Local\Programs\Python\Python312\Lib\site-packages\pluggy\_hooks.py", line 512, in __call__
    return self._hookexec(self.name, self._hookimpls.copy(), kwargs, firstresult)
  File "C:\Users\umyea\AppData\Local\Programs\Python\Python312\Lib\site-packages\pluggy\_manager.py", line 120, in _hookexec
    return self._inner_hookexec(hook_name, methods, kwargs, firstresult)
  File "C:\Users\umyea\AppData\Local\Programs\Python\Python312\Lib\site-packages\pluggy\_callers.py", line 121, in _multicall
    res = hook_impl.function(*args)
  File "C:\Users\umyea\AppData\Local\Programs\Python\Python312\Lib\site-packages\_pytest\runner.py", line 179, in pytest_runtest_call
    item.runtest()
  File "C:\Users\umyea\AppData\Local\Programs\Python\Python312\Lib\site-packages\_pytest\python.py", line 1720, in runtest
    self.ihook.pytest_pyfunc_call(pyfuncitem=self)
  File "C:\Users\umyea\AppData\Local\Programs\Python\Python312\Lib\site-packages\pluggy\_hooks.py", line 512, in __call__
    return self._hookexec(self.name, self._hookimpls.copy(), kwargs, firstresult)
  File "C:\Users\umyea\AppData\Local\Programs\Python\Python312\Lib\site-packages\pluggy\_manager.py", line 120, in _hookexec
    return self._inner_hookexec(hook_name, methods, kwargs, firstresult)
  File "C:\Users\umyea\AppData\Local\Programs\Python\Python312\Lib\site-packages\pluggy\_callers.py", line 121, in _multicall
    res = hook_impl.function(*args)
  File "C:\Users\umyea\AppData\Local\Programs\Python\Python312\Lib\site-packages\_pytest\python.py", line 166, in pytest_pyfunc_call
    result = testfunction(**testargs)
  File "C:\Users\umyea\repos\textedit-u1358739\test_editor.py", line 10245, in test_save_file_write_exception
    result = window.save_file()
  File "C:\Users\umyea\repos\textedit-u1358739\main.py", line 2742, in save_file
    return self.save_file_as()
  File "C:\Users\umyea\repos\textedit-u1358739\main.py", line 2745, in save_file_as
    file_path, _ = QFileDialog.getSaveFileName(
+++++++++++++++++++++++++++++++++++ Timeout +++++++++++++++++++++++++++++++++++
